total 4424
-rw-r--r--  1 snf ltdev     454 Mar 24 12:18 abstract.aux
-rwxr-xr-x  1 snf ltdev    1739 Nov  8  2005 abstract.tex
-rw-r--r--  1 snf ltdev     849 Mar 24 12:18 appendix.aux
-rwxr-xr-x  1 snf ltdev    2569 Nov 15  2005 appendix.tex
-rwxr-xr-x  1 snf ltdev     519 Nov  8  2005 architectures.tex
-rwxr-xr-x  1 snf ltdev   34523 Feb 15 21:06 biblio.bib
-rw-r--r--  1 snf ltdev   22151 Oct 14  2005 bibsorted.bib
-rw-r--r--  1 snf ltdev    2284 Mar 24 12:18 body.aux
-rwxr-xr-x  1 snf ltdev   19578 Mar  2 22:23 body.tex
drwxr-xr-x  2 snf ltdev    4096 Mar  3 19:59 code
-rwxr-xr-x  1 snf ltdev     391 Oct 15  2005 compile
-rw-r--r--  1 snf ltdev     532 Mar 24 12:18 experiments.aux
-rw-r--r--  1 snf ltdev    2817 Feb 22 17:16 experiments.tex
-rw-r--r--  1 snf ltdev    1913 Oct 20  2005 extbib.bib
drwxr-xr-x  2 snf ltdev    4096 Jan 13  2006 figures
-rw-r--r--  1 snf ltdev    1979 Mar 24 12:18 introduction.aux
-rw-r--r--  1 snf ltdev  654833 Nov  5  2005 introduction.log
-rwxr-xr-x  1 snf ltdev   27241 Feb 24 17:25 introduction.tex
-rw-r--r--  1 snf ltdev       0 Jul 27 09:15 lap.lst
-rw-r--r--  1 snf ltdev    3563 Mar 24 12:18 main.aux
-rw-r--r--  1 snf ltdev   16273 Mar 24 12:18 main.bbl
-rw-r--r--  1 snf ltdev    1166 Mar 24 12:18 main.blg
-rw-r--r--  1 snf ltdev  181380 Mar 24 12:18 main.dvi
-rw-r--r--  1 snf ltdev     319 Mar 24 12:18 main.lof
-rw-r--r--  1 snf ltdev    9768 Mar 24 12:18 main.log
-rw-r--r--  1 snf ltdev       0 Mar 24 12:18 main.lot
-rw-r--r--  1 snf ltdev  381097 Nov  4  2005 main.ps
-rwxr-xr-x  1 snf ltdev     842 Feb 22 17:17 main.tex
-rw-r--r--  1 snf ltdev    3062 Mar 24 12:18 main.toc
-rw-r--r--  1 snf ltdev 2488320 Jul 27 09:14 mphil_27jul.tar
-rw-r--r--  1 snf ltdev       0 Nov 16  2005 plan.tex
-rw-r--r--  1 snf ltdev    3425 Mar 24 12:18 review.aux
-rwxr-xr-x  1 snf ltdev   52353 Mar  2 22:23 review.tex
drwxr-xr-x  2 snf ltdev    4096 Jan 13  2006 sketching
-rw-r--r--  1 snf ltdev    1173 Oct 21  2005 structure.txt
-rw-r--r--  1 snf ltdev  509852 Mar 24 12:18 thesis.ps
