total 2668
-rwxr-xr-x  1 snf ltdev     454 Mar  3 18:53 abstract.aux
-rwxr-xr-x  1 snf ltdev    1739 Mar  3 18:53 abstract.tex
-rwxr-xr-x  1 snf ltdev     849 Mar  3 18:53 appendix.aux
-rwxr-xr-x  1 snf ltdev    2569 Mar  3 18:53 appendix.tex
-rwxr-xr-x  1 snf ltdev     519 Mar  3 18:53 architectures.tex
-rwxr-xr-x  1 snf ltdev   34523 Mar  3 18:53 biblio.bib
-rwxr-xr-x  1 snf ltdev   22151 Mar  3 18:53 bibsorted.bib
-rwxr-xr-x  1 snf ltdev    2284 Mar  3 18:53 body.aux
-rwxr-xr-x  1 snf ltdev   19578 Mar  3 18:53 body.tex
-rwxr-xr-x  1 snf ltdev     391 Mar  3 18:53 compile
-rwxr-xr-x  1 snf ltdev     532 Mar  3 18:53 experiments.aux
-rwxr-xr-x  1 snf ltdev    2817 Mar  3 18:53 experiments.tex
-rwxr-xr-x  1 snf ltdev    1913 Mar  3 18:53 extbib.bib
drwxr-xr-x  2 snf ltdev    2048 Jan 13  2006 figures
drwxr-xr-x  2 snf ltdev    8192 Jul 22 16:50 germany
drwxr-xr-x  2 snf ltdev    6144 Jul 24 00:06 htn2
-rwxr-xr-x  1 snf ltdev    1979 Mar  3 18:53 introduction.aux
-rwxr-xr-x  1 snf ltdev   27241 Mar  3 18:53 introduction.tex
-rwxr-xr-x  1 snf ltdev    3563 Mar  3 18:53 main.aux
-rwxr-xr-x  1 snf ltdev   16273 Mar  3 18:53 main.bbl
-rwxr-xr-x  1 snf ltdev    1166 Mar  3 18:53 main.blg
-rwxr-xr-x  1 snf ltdev       0 Mar  3 18:53 main.lot
-rwxr-xr-x  1 snf ltdev     842 Mar  3 18:53 main.tex
-rwxr-xr-x  1 snf ltdev    3062 Mar  3 18:53 main.toc
-rwxr-xr-x  1 snf ltdev 2488320 Jul 27 09:14 mphil_27jul.tar
-rwxr-xr-x  1 snf ltdev       0 Mar  3 18:53 plan.tex
-rwxr-xr-x  1 snf ltdev    3425 Mar  3 18:53 review.aux
-rwxr-xr-x  1 snf ltdev   52353 Mar  3 18:53 review.tex
drwxr-xr-x  2 snf ltdev    2048 Mar  3 18:53 sketching
-rwxr-xr-x  1 snf ltdev    1173 Mar  3 18:53 structure.txt
drwxr-xr-x  2 snf ltdev    2048 Jul 11 10:11 tmp
